LibreVies runtime v0.5.79 - 2026-10-06T15:16:37
2026-10-06T15:16:37 [Log] [LV] 0,00 s  journal runtime : C:\Users\Dragonus\Desktop\Jeu\LibreVies\unity2\jeu\game\logs\LibreViesRuntime.log
2026-10-06T15:16:37 [Log] [LV] 0,01 s  demarrage LibreVies v0.5.79
2026-10-06T15:16:37 [Log] [LV] 0,01 s  LibreVies 0.5.79 / Unity 6000.6.1f1
2026-10-06T15:16:37 [Log] [LV] 0,01 s  systeme Windows 10  (10.0.19045) 64bit | 24 coeurs | RAM 31801 Mo
2026-10-06T15:16:37 [Log] [LV] 0,01 s  carte AMD Radeon R7 200 Series | API Direct3D11 | VRAM 2025 Mo
2026-10-06T15:16:37 [Log] [LV] 0,01 s  ecran 1920x1080 | fenetre 1440x960 | vsync 1
2026-10-06T15:16:37 [Log] [LV] 0,02 s  tout est pret : construction du monde
2026-10-06T15:16:37 [Log] [LV] 0,02 s  debut : materiaux
2026-10-06T15:16:37 [Log] [LV_SHADER] shader charge : LibreVies/StablePBR (LVShaders/LVRouteStable)
2026-10-06T15:16:37 [Log] [LV_SHADER] shader general applique = LibreVies/StablePBR
2026-10-06T15:16:37 [Log] [LV_SHADER] shader charge : LibreVies/VerreBleu (LVShaders/LVGlassBleu)
2026-10-06T15:16:37 [Log] [LV_SHADER] shader charge : LibreVies/MetalAluminium (LVShaders/LVMetalAluminium)
2026-10-06T15:16:37 [Log] [LV_SHADER_ROUTE] meme shader global applique a la route : LibreVies/StablePBR
2026-10-06T15:16:37 [Log] [LV_SHADER_ROUTE] Route_PBR construit avec shader=LibreVies/StablePBR texture=LVTextures/LV_ConcretePaving pbr=True
2026-10-06T15:16:37 [Log] [LV] 0,05 s  fin   : materiaux  (0 objets)
2026-10-06T15:16:37 [Log] [LV] 0,06 s  premiere image affichee : le rendu fonctionne
2026-10-06T15:16:37 [Log] [LV] 0,06 s  debut : environnement
2026-10-06T15:16:37 [Log] [LV] 0,07 s  fin   : environnement  (2 objets)
2026-10-06T15:16:37 [Log] [LV] 0,27 s  debut : terrain
2026-10-06T15:16:37 [Log] [LV] 0,32 s  fin   : terrain  (2 objets)
2026-10-06T15:16:37 [Log] [LV] 0,32 s  debut : route
2026-10-06T15:16:37 [Log] [LV] 0,33 s  fin   : route  (6 objets)
2026-10-06T15:16:37 [Log] [LV] 0,38 s  debut : village
2026-10-06T15:16:37 [Log] [LV_SHADER] shader charge : LibreVies/PersonnageOpaque (LVShaders/LVCharacterOpaque)
2026-10-06T15:16:37 [Log] [LV_SHADER] shader charge : LibreVies/PersonnageOpaque (LVShaders/LVCharacterOpaque)
2026-10-06T15:16:37 [Log] [LV_SHADER] shader charge : LibreVies/PersonnageOpaque (LVShaders/LVCharacterOpaque)
2026-10-06T15:16:37 [Log] [LV_SHADER] shader charge : LibreVies/PersonnageOpaque (LVShaders/LVCharacterOpaque)
2026-10-06T15:16:37 [Log] [LV] 0,43 s  fin   : village  (116 objets)
2026-10-06T15:16:37 [Log] [LV] 0,43 s  debut : riviere
2026-10-06T15:16:37 [Log] [LV] 0,43 s  fin   : riviere  (117 objets)
2026-10-06T15:16:37 [Log] [LV] 0,46 s  debut : cloture et portails
2026-10-06T15:16:37 [Log] [LV] 0,47 s  fin   : cloture et portails  (311 objets)
2026-10-06T15:16:37 [Log] [LV] 0,48 s  debut : arbres
2026-10-06T15:16:37 [Log] [LV] 0,49 s  nature CC0 : 236 instances importees
2026-10-06T15:16:37 [Log] [LV] 0,49 s  fin   : arbres  (547 objets)
2026-10-06T15:16:37 [Log] [LV] 0,50 s  debut : herbe
2026-10-06T15:16:37 [Log] [LV] 0,50 s  fin   : herbe  (550 objets)
2026-10-06T15:16:37 [Log] [LV] 0,60 s  debut : rochers
2026-10-06T15:16:37 [Log] [LV] 0,60 s  fin   : rochers  (552 objets)
2026-10-06T15:16:37 [Log] [LV] 0,62 s  debut : decor (barils, caisses)
2026-10-06T15:16:37 [Log] [LV] 0,62 s  fin   : decor (barils, caisses)  (608 objets)
2026-10-06T15:16:37 [Log] [LV] 0,69 s  debut : lampadaires
2026-10-06T15:16:37 [Log] [LV] 0,69 s  fin   : lampadaires  (623 objets)
2026-10-06T15:16:37 [Log] [LV] 0,71 s  debut : nuages
2026-10-06T15:16:37 [Log] [LV] 0,71 s  fin   : nuages  (672 objets)
2026-10-06T15:16:37 [Log] [LV] 0,75 s  debut : heros
2026-10-06T15:16:37 [Log] [LV_SHADER] shader charge : LibreVies/PersonnageOpaque (LVShaders/LVCharacterOpaque)
2026-10-06T15:16:37 [Log] [LV] héroïne CC0 assemblée avec 23 OBJ fixes ; animation par OBJ séparés=True
2026-10-06T15:16:37 [Log] [LV] 0,75 s  fin   : heros  (672 objets)
2026-10-06T15:16:37 [Log] [LV] 0,84 s  debut : apercu humain
2026-10-06T15:16:38 [Log] [LV] 1,30 s  fin   : apercu humain  (672 objets)
2026-10-06T15:16:38 [Log] [LV] 1,31 s  debut : monstres
2026-10-06T15:16:38 [Log] [LV] monstres créés : 18 (quantite ADMIN = 18, positions aleatoires)
2026-10-06T15:16:38 [Log] [LV] 1,32 s  fin   : monstres  (792 objets)
2026-10-06T15:16:38 [Log] [LV] 1,38 s  debut : gardes
2026-10-06T15:16:38 [Log] [LV_SHADER] shader charge : LibreVies/PersonnageOpaque (LVShaders/LVCharacterOpaque)
2026-10-06T15:16:38 [Log] [LV] garde humanoïde OBJ séparé chargé et articulé
2026-10-06T15:16:38 [Log] [LV_SHADER] shader charge : LibreVies/PersonnageOpaque (LVShaders/LVCharacterOpaque)
2026-10-06T15:16:38 [Log] [LV] garde humanoïde OBJ séparé chargé et articulé
2026-10-06T15:16:38 [Log] [LV] 1,39 s  fin   : gardes  (792 objets)
2026-10-06T15:16:38 [Log] [LV] 1,43 s  debut : objets a ramasser
2026-10-06T15:16:38 [Log] [LV] 1,43 s  fin   : objets a ramasser  (819 objets)
2026-10-06T15:16:38 [Log] [LV] 1,52 s  edition : 327 objet(s) deplacable(s)
2026-10-06T15:16:38 [Log] [LV] 1,81 s  coordonnees edition chargees : 606 objet(s)
2026-10-06T15:16:38 [Log] [LV] 1,81 s  demarrage termine : 819 objets, 282 obstacles, 18 monstres, 2 gardes
2026-10-06T15:16:38 [Log] [LV] 1,81 s  controle rendu : 1045 renderer(s), shader LibreVies/StablePBR
2026-10-06T15:16:38 [Log] [LV] 1,81 s  couverture shader monde : 530/1032 renderer(s) StablePBR, 502 autre(s) (textes 3D exclus)
2026-10-06T15:16:42 [Log] [LV] 5,00 s  jeu en cours : image 81, 16 i/s
2026-10-06T15:16:51 [Log] [LV] 14,73 s  coordonnees edition enregistrees : 606 objet(s) dans edition/coordonee
